
> chatflow@0.0.0 build
> vite build

[36mvite v7.3.1 [32mbuilding client environment for production...[36m[39m
[32mΓ£ô[39m 0 modules transformed.
node.exe : [31mΓ£ù[39m 
Build failed in 35ms
At C:\Users\vkisl\AppData\Roa
ming\npm\npm.ps1:24 char:5
+     & "node$exe"  "$basedir
/node_modules/npm/bin/npm-cli
.js" $args
+     ~~~~~~~~~~~~~~~~~~~~~~~
~~~~~~~~~~~~~~~~~~~~~~~~~~~~~
~~~~~~~~~~
    + CategoryInfo           
   : NotSpecified: ([31mΓ£  
  ù[39m Build failed in 3   
 5ms:String) [], RemoteEx    
ception
    + FullyQualifiedErrorId  
   : NativeCommandError
 
[31merror during build:
[31m[vite:build-html] 
EISDIR: illegal operation on 
a directory, read[31m
file: [36mC:/Users/vkisl/One
Drive/Desktop/Chatflow/chatfl
ow/index.html[31m
    at async readFileHandle (
node:internal/fs/promises:558
:24)
    at async fileToBuiltUrl (
file:///C:/Users/vkisl/OneDri
ve/Desktop/Chatflow/chatflow/
node_modules/vite/dist/node/c
hunks/config.js:8777:18)
    at async processAssetUrl 
(file:///C:/Users/vkisl/OneDr
ive/Desktop/Chatflow/chatflow
/node_modules/vite/dist/node/
chunks/config.js:23898:14)
    at async file:///C:/Users
/vkisl/OneDrive/Desktop/Chatf
low/chatflow/node_modules/vit
e/dist/node/chunks/config.js:
23974:30
    at async Promise.all 
(index 0)
    at async Object.handler (
file:///C:/Users/vkisl/OneDri
ve/Desktop/Chatflow/chatflow/
node_modules/vite/dist/node/c
hunks/config.js:24001:5)
    at async transform (file:
///C:/Users/vkisl/OneDrive/De
sktop/Chatflow/chatflow/node_
modules/rollup/dist/es/shared
/node-entry.js:21283:16)
    at async 
ModuleLoader.addModuleSource 
(file:///C:/Users/vkisl/OneDr
ive/Desktop/Chatflow/chatflow
/node_modules/rollup/dist/es/
shared/node-entry.js:21497:36
)[39m
